// Jest Snapshot v1, https://goo.gl/fbAQLP

exports[`Categories renders correctly 1`] = `
<ul
  class="category__list"
>
  <li
    class="category__list_item"
  >
    <div
      class="category-blok"
    >
      <img
        alt="img-ties"
        class="category-img"
        src="https://i.ibb.co/t4RqPjL/centered.jpg"
      />
      <a
        class="category-name"
        href="/configurator/centred"
        style="background-color: rgb(0, 0, 0);"
      >
        Центральный узор
      </a>
    </div>
  </li>
</ul>
`;
