// Jest Snapshot v1, https://goo.gl/fbAQLP

exports[`MyOrdersList renders correctly 1`] = `
<div>
  <div
    class="market-block__products"
  >
    <div
      class="row__products"
    >
      <div
        class="tie__product"
      >
        <div
          class="tie__products_img"
        >
          <div>
            <img
              alt=""
              class="products_img"
              src="image-url-1"
            />
          </div>
        </div>
        <div
          class="tie__products_discription"
        >
          <p
            class="tie__products_name"
          >
            myOrders.data
          </p>
          <div
            class="item__date"
          >
            myOrders.date
            : 
            2022-01-01
          </div>
          <div
            class="tie__products_price"
          >
            myOrders.sum
            : 
            100
            $
          </div>
          <div
            class="item__status"
          >
            myOrders.status
            : 
            completed
          </div>
        </div>
      </div>
      <div
        class="tie__product"
      >
        <div
          class="tie__products_img"
        >
          <div>
            <img
              alt=""
              class="products_img"
              src="image-url-2"
            />
          </div>
        </div>
        <div
          class="tie__products_discription"
        >
          <p
            class="tie__products_name"
          >
            myOrders.data
          </p>
          <div
            class="item__date"
          >
            myOrders.date
            : 
            2022-01-02
          </div>
          <div
            class="tie__products_price"
          >
            myOrders.sum
            : 
            200
            $
          </div>
          <div
            class="item__status"
          >
            myOrders.status
            : 
            in progress
          </div>
        </div>
      </div>
    </div>
  </div>
</div>
`;
