// Jest Snapshot v1, https://goo.gl/fbAQLP

exports[`Calendar renders correctly 1`] = `
<div>
  <div
    class="calendar"
  >
    <div
      class="calendar__wrapper"
    >
      <div
        class="calendar__head"
      >
        <div
          class="calendar__head-column"
        >
          <button
            class="button calendar__button--left"
            style="background-color: rgb(0, 0, 0);"
          >
            calendar.buttons.previous
          </button>
          <button
            class="button calendar__button--right"
            style="background-color: rgb(0, 0, 0);"
          >
            calendar.buttons.next
          </button>
        </div>
        <h2
          class="calendar__subheader"
        >
          February
        </h2>
        <div
          class="calendar__head-column"
        >
          <button
            class="button"
            style="background-color: rgb(0, 0, 0);"
          >
            calendar.buttons.current
          </button>
        </div>
      </div>
      <div
        class="calendar__container"
      >
        <span
          class="calendar__title"
        >
          Sun
        </span>
        <span
          class="calendar__title"
        >
          Mon
        </span>
        <span
          class="calendar__title"
        >
          Tue
        </span>
        <span
          class="calendar__title"
        >
          Wed
        </span>
        <span
          class="calendar__title"
        >
          Thu
        </span>
        <span
          class="calendar__title"
        >
          Fri
        </span>
        <span
          class="calendar__title"
        >
          Sat
        </span>
      </div>
      <div
        class="calendar__container"
      >
        <div
          class="day"
        >
          <h6
            class="day__header"
          >
            29
          </h6>
          <ul
            class="day__list"
          />
        </div>
        <div
          class="day"
        >
          <h6
            class="day__header"
          >
            30
          </h6>
          <ul
            class="day__list"
          />
        </div>
        <div
          class="day"
        >
          <h6
            class="day__header"
          >
            31
          </h6>
          <ul
            class="day__list"
          />
        </div>
        <div
          class="day"
        >
          <h6
            class="day__header day__header--active"
          >
            01
          </h6>
          <ul
            class="day__list"
          />
        </div>
        <div
          class="day"
        >
          <h6
            class="day__header day__header--active"
          >
            02
          </h6>
          <ul
            class="day__list"
          />
        </div>
        <div
          class="day"
        >
          <h6
            class="day__header day__header--active"
          >
            03
          </h6>
          <ul
            class="day__list"
          />
        </div>
        <div
          class="day"
        >
          <h6
            class="day__header day__header--active"
          >
            04
          </h6>
          <ul
            class="day__list"
          />
        </div>
        <div
          class="day"
        >
          <h6
            class="day__header day__header--active"
          >
            05
          </h6>
          <ul
            class="day__list"
          />
        </div>
        <div
          class="day"
        >
          <h6
            class="day__header day__header--active"
          >
            06
          </h6>
          <ul
            class="day__list"
          />
        </div>
        <div
          class="day"
        >
          <h6
            class="day__header day__header--active"
          >
            07
          </h6>
          <ul
            class="day__list"
          />
        </div>
        <div
          class="day"
        >
          <h6
            class="day__header day__header--active"
          >
            08
          </h6>
          <ul
            class="day__list"
          />
        </div>
        <div
          class="day"
        >
          <h6
            class="day__header day__header--active"
          >
            09
          </h6>
          <ul
            class="day__list"
          />
        </div>
        <div
          class="day"
        >
          <h6
            class="day__header day__header--active"
          >
            10
          </h6>
          <ul
            class="day__list"
          />
        </div>
        <div
          class="day"
        >
          <h6
            class="day__header day__header--active"
          >
            11
          </h6>
          <ul
            class="day__list"
          />
        </div>
        <div
          class="day"
        >
          <h6
            class="day__header day__header--active"
          >
            12
          </h6>
          <ul
            class="day__list"
          />
        </div>
        <div
          class="day"
        >
          <h6
            class="day__header day__header--active"
          >
            13
          </h6>
          <ul
            class="day__list"
          />
        </div>
        <div
          class="day"
        >
          <h6
            class="day__header day__header--active"
          >
            14
          </h6>
          <ul
            class="day__list"
          />
        </div>
        <div
          class="day"
        >
          <h6
            class="day__header day__header--active"
          >
            15
          </h6>
          <ul
            class="day__list"
          />
        </div>
        <div
          class="day"
        >
          <h6
            class="day__header day__header--active"
          >
            16
          </h6>
          <ul
            class="day__list"
          />
        </div>
        <div
          class="day"
        >
          <h6
            class="day__header day__header--active"
          >
            17
          </h6>
          <ul
            class="day__list"
          />
        </div>
        <div
          class="day"
        >
          <h6
            class="day__header day__header--active"
          >
            18
          </h6>
          <ul
            class="day__list"
          />
        </div>
        <div
          class="day"
        >
          <h6
            class="day__header day__header--active"
          >
            19
          </h6>
          <ul
            class="day__list"
          />
        </div>
        <div
          class="day"
        >
          <h6
            class="day__header day__header--active"
          >
            20
          </h6>
          <ul
            class="day__list"
          />
        </div>
        <div
          class="day"
        >
          <h6
            class="day__header day__header--active"
          >
            21
          </h6>
          <ul
            class="day__list"
          />
        </div>
        <div
          class="day"
        >
          <h6
            class="day__header day__header--active"
          >
            22
          </h6>
          <ul
            class="day__list"
          />
        </div>
        <div
          class="day"
        >
          <h6
            class="day__header day__header--active"
          >
            23
          </h6>
          <ul
            class="day__list"
          />
        </div>
        <div
          class="day day--today"
        >
          <h6
            class="day__header day__header--active"
          >
            24
          </h6>
          <ul
            class="day__list"
          />
        </div>
        <div
          class="day"
        >
          <h6
            class="day__header day__header--active"
          >
            25
          </h6>
          <ul
            class="day__list"
          />
        </div>
        <div
          class="day"
        >
          <h6
            class="day__header day__header--active"
          >
            26
          </h6>
          <ul
            class="day__list"
          />
        </div>
        <div
          class="day"
        >
          <h6
            class="day__header day__header--active"
          >
            27
          </h6>
          <ul
            class="day__list"
          />
        </div>
        <div
          class="day"
        >
          <h6
            class="day__header day__header--active"
          >
            28
          </h6>
          <ul
            class="day__list"
          />
        </div>
        <div
          class="day"
        >
          <h6
            class="day__header"
          >
            01
          </h6>
          <ul
            class="day__list"
          />
        </div>
        <div
          class="day"
        >
          <h6
            class="day__header"
          >
            02
          </h6>
          <ul
            class="day__list"
          />
        </div>
        <div
          class="day"
        >
          <h6
            class="day__header"
          >
            03
          </h6>
          <ul
            class="day__list"
          />
        </div>
        <div
          class="day"
        >
          <h6
            class="day__header"
          >
            04
          </h6>
          <ul
            class="day__list"
          />
        </div>
        <div
          class="day"
        >
          <h6
            class="day__header"
          >
            05
          </h6>
          <ul
            class="day__list"
          />
        </div>
        <div
          class="day"
        >
          <h6
            class="day__header"
          >
            06
          </h6>
          <ul
            class="day__list"
          />
        </div>
        <div
          class="day"
        >
          <h6
            class="day__header"
          >
            07
          </h6>
          <ul
            class="day__list"
          />
        </div>
        <div
          class="day"
        >
          <h6
            class="day__header"
          >
            08
          </h6>
          <ul
            class="day__list"
          />
        </div>
        <div
          class="day"
        >
          <h6
            class="day__header"
          >
            09
          </h6>
          <ul
            class="day__list"
          />
        </div>
        <div
          class="day"
        >
          <h6
            class="day__header"
          >
            10
          </h6>
          <ul
            class="day__list"
          />
        </div>
        <div
          class="day"
        >
          <h6
            class="day__header"
          >
            11
          </h6>
          <ul
            class="day__list"
          />
        </div>
      </div>
    </div>
  </div>
</div>
`;
