// Jest Snapshot v1, https://goo.gl/fbAQLP

exports[`SignIn renders correctly 1`] = `
<div
  class="sign__wrapper"
>
  <div
    class="sign__image"
  >
    <div
      class="image-wrapper"
    />
  </div>
  <div
    class="sign__content-wrapper"
  >
    <div
      class="sign__content"
    >
      <h2
        class="sign__title"
      >
        sign.signIn
      </h2>
      <div
        class="sign__text"
      >
        sign.text-1
      </div>
      <form
        action="#"
        class="form"
      >
        <input
          class="field"
          id="email"
          name="email"
          placeholder="Email"
          type="email"
          value=""
        />
        <input
          class="field"
          id="password"
          name="password"
          placeholder="Password"
          type="password"
          value=""
        />
        <button
          class="sign__button"
          style="background-color: rgb(0, 0, 0);"
          type="submit"
        >
          sign.signIn
        </button>
      </form>
      <div
        class="sign__text-link"
      >
        sign.create
         
        <a
          class="text-link"
          href="/sign-up"
          style="color: rgb(0, 0, 0);"
        >
          sign.signUp
        </a>
      </div>
    </div>
  </div>
</div>
`;
