// Jest Snapshot v1, https://goo.gl/fbAQLP

exports[`Active renders Category component correctly 1`] = `
<li
  class="category__list_item"
>
  <div
    class="category-blok"
  >
    <img
      alt="img-ties"
      class="category-img"
      src="tie-image-url"
    />
    <a
      class="category-name"
      href="/configurator/some-tie-type"
      style="background-color: rgb(0, 0, 0);"
    >
      Some Category
    </a>
  </div>
</li>
`;
